Resolving dependencies...
Downloading packages...
  battery_plus 6.2.3 (7.0.0 available)
  characters 1.4.0 (1.4.1 available)
  clipboard 0.1.3 (2.0.2 available)
  connectivity_plus 6.1.5 (7.0.0 available)
  device_info_plus 10.1.2 (12.3.0 available)
  file_picker 8.3.7 (10.3.7 available)
  flutter_lints 4.0.0 (6.0.0 available)
  flutter_local_notifications 17.2.4 (19.5.0 available)
  flutter_local_notifications_linux 4.0.1 (6.0.0 available)
  flutter_local_notifications_platform_interface 7.2.0 (9.1.0 available)
  flutter_secure_storage_linux 1.2.3 (2.0.1 available)
  flutter_secure_storage_macos 3.1.3 (4.0.0 available)
  flutter_secure_storage_platform_interface 1.1.2 (2.0.1 available)
  flutter_secure_storage_web 1.2.1 (2.0.0 available)
  flutter_secure_storage_windows 3.1.2 (4.0.0 available)
  home_widget 0.6.0 (0.8.1 available)
  js 0.6.7 (0.7.2 available)
  lints 4.0.0 (6.0.0 available)
  matcher 0.12.17 (0.12.18 available)
  material_color_utilities 0.11.1 (0.13.0 available)
  package_info_plus 8.3.1 (9.0.0 available)
  shared_preferences_android 2.4.17 (2.4.18 available)
  test_api 0.7.7 (0.7.8 available)
  timezone 0.9.4 (0.10.1 available)
  tray_manager 0.2.4 (0.5.2 available)
  win32_registry 1.1.5 (2.1.0 available)
  window_manager 0.4.3 (0.5.1 available)
Got dependencies!
27 packages have newer versions incompatible with dependency constraints.
Try `flutter pub outdated` for more information.
00:00 +0: loading /app/test/functional/scheduler_service_test.dart                                                                                                                                     00:01 +0: loading /app/test/functional/scheduler_service_test.dart                                                                                                                                     00:02 +0: loading /app/test/functional/scheduler_service_test.dart                                                                                                                                     00:02 +0: /app/test/functional/scheduler_service_test.dart: PluginScheduleConfig Constructor & Defaults default config has sensible values                                                             00:02 +1: /app/test/functional/scheduler_service_test.dart: PluginScheduleConfig Constructor & Defaults default config has sensible values                                                             00:02 +1: /app/test/functional/scheduler_service_test.dart: PluginScheduleConfig Constructor & Defaults custom config preserves values                                                                 00:02 +2: /app/test/functional/scheduler_service_test.dart: PluginScheduleConfig Constructor & Defaults custom config preserves values                                                                 00:02 +2: /app/test/functional/scheduler_service_test.dart: PluginScheduleConfig shouldRunNow returns true with default config                                                                         00:02 +3: /app/test/functional/scheduler_service_test.dart: PluginScheduleConfig shouldRunNow returns true with default config                                                                         00:02 +3: /app/test/functional/scheduler_service_test.dart: PluginScheduleConfig shouldRunNow respects day of week filter                                                                              00:02 +4: /app/test/functional/scheduler_service_test.dart: PluginScheduleConfig shouldRunNow respects day of week filter                                                                              00:02 +4: /app/test/functional/scheduler_service_test.dart: PluginScheduleConfig shouldRunNow respects time window (normal range)                                                                      00:02 +5: /app/test/functional/scheduler_service_test.dart: PluginScheduleConfig shouldRunNow respects time window (normal range)                                                                      00:02 +5: /app/test/functional/scheduler_service_test.dart: PluginScheduleConfig JSON Serialization toJson produces valid JSON                                                                         00:02 +6: /app/test/functional/scheduler_service_test.dart: PluginScheduleConfig JSON Serialization toJson produces valid JSON                                                                         00:02 +6: /app/test/functional/scheduler_service_test.dart: PluginScheduleConfig JSON Serialization fromJson parses correctly                                                                          00:02 +7: /app/test/functional/scheduler_service_test.dart: PluginScheduleConfig JSON Serialization fromJson parses correctly                                                                          00:02 +7: /app/test/functional/scheduler_service_test.dart: PluginScheduleConfig JSON Serialization fromJson handles missing fields with defaults                                                      00:02 +8: /app/test/functional/scheduler_service_test.dart: PluginScheduleConfig JSON Serialization fromJson handles missing fields with defaults                                                      00:02 +8: /app/test/functional/scheduler_service_test.dart: PluginScheduleConfig JSON Serialization roundtrip serialization preserves data                                                             00:02 +9: /app/test/functional/scheduler_service_test.dart: PluginScheduleConfig JSON Serialization roundtrip serialization preserves data                                                             00:02 +9: /app/test/functional/scheduler_service_test.dart: Scheduler Service - Testable Implementation Listener Management addListener registers callback                                             00:02 +10: /app/test/functional/scheduler_service_test.dart: Scheduler Service - Testable Implementation Listener Management addListener registers callback                                            00:02 +10: /app/test/functional/scheduler_service_test.dart: Scheduler Service - Testable Implementation Listener Management removeListener unregisters callback                                       00:02 +11: /app/test/functional/scheduler_service_test.dart: Scheduler Service - Testable Implementation Listener Management removeListener unregisters callback                                       00:02 +11: /app/test/functional/scheduler_service_test.dart: Scheduler Service - Testable Implementation Listener Management multiple listeners are all notified                                       00:02 +12: /app/test/functional/scheduler_service_test.dart: Scheduler Service - Testable Implementation Listener Management multiple listeners are all notified                                       00:02 +12: /app/test/functional/scheduler_service_test.dart: Scheduler Service - Testable Implementation Output Management lastOutputs starts empty                                                    00:02 +13: /app/test/functional/scheduler_service_test.dart: Scheduler Service - Testable Implementation Output Management lastOutputs starts empty                                                    00:02 +13: /app/test/functional/scheduler_service_test.dart: Scheduler Service - Testable Implementation Output Management stores last output for plugin                                               00:02 +14: /app/test/functional/scheduler_service_test.dart: Scheduler Service - Testable Implementation Output Management stores last output for plugin                                               00:02 +14: /app/test/functional/scheduler_service_test.dart: Scheduler Service - Testable Implementation Output Management getLastOutput returns stored output                                         00:02 +15: /app/test/functional/scheduler_service_test.dart: Scheduler Service - Testable Implementation Output Management getLastOutput returns stored output                                         00:02 +15: /app/test/functional/scheduler_service_test.dart: Scheduler Service - Testable Implementation Output Management getLastOutput returns null for unknown plugin                               00:02 +16: /app/test/functional/scheduler_service_test.dart: Scheduler Service - Testable Implementation Output Management getLastOutput returns null for unknown plugin                               00:02 +16: /app/test/functional/scheduler_service_test.dart: Scheduler Service - Testable Implementation Output Management clearLastOutput removes stored output                                       00:02 +17: /app/test/functional/scheduler_service_test.dart: Scheduler Service - Testable Implementation Output Management clearLastOutput removes stored output                                       00:02 +17: /app/test/functional/scheduler_service_test.dart: Scheduler Service - Testable Implementation Running State starts not running                                                              00:02 +18: /app/test/functional/scheduler_service_test.dart: Scheduler Service - Testable Implementation Running State starts not running                                                              00:02 +18: /app/test/functional/scheduler_service_test.dart: Scheduler Service - Testable Implementation Running State start sets running to true                                                      00:02 +19: /app/test/functional/scheduler_service_test.dart: Scheduler Service - Testable Implementation Running State start sets running to true                                                      00:02 +19: /app/test/functional/scheduler_service_test.dart: Scheduler Service - Testable Implementation Running State stop sets running to false                                                      00:02 +20: /app/test/functional/scheduler_service_test.dart: Scheduler Service - Testable Implementation Running State stop sets running to false                                                      00:02 +20: /app/test/functional/scheduler_service_test.dart: Scheduler Service - Testable Implementation Running State double start is safe                                                            00:02 +21: /app/test/functional/scheduler_service_test.dart: Scheduler Service - Testable Implementation Running State double start is safe                                                            00:02 +21: /app/test/functional/scheduler_service_test.dart: Scheduler Service - Testable Implementation Dispose dispose clears all state                                                              00:02 +22: /app/test/functional/scheduler_service_test.dart: Scheduler Service - Testable Implementation Dispose dispose clears all state                                                              00:02 +22: /app/test/functional/scheduler_service_test.dart: Timer-based Scheduling schedules plugin with correct interval                                                                             00:02 +23: /app/test/functional/scheduler_service_test.dart: Timer-based Scheduling schedules plugin with correct interval                                                                             00:02 +24: /app/test/functional/ipc_server_test.dart: IPC Server - Real HTTP GET /status returns server status                                                                                         00:03 +24: /app/test/functional/ipc_server_test.dart: IPC Server - Real HTTP GET /status returns server status                                                                                         00:03 +25: /app/test/functional/scheduler_service_test.dart: Timer-based Scheduling reschedule cancels old timer                                                                                       00:03 +26: /app/test/functional/scheduler_service_test.dart: Timer-based Scheduling reschedule cancels old timer                                                                                       00:03 +27: /app/test/functional/scheduler_service_test.dart: Timer-based Scheduling reschedule cancels old timer                                                                                       00:03 +28: /app/test/functional/scheduler_service_test.dart: Timer-based Scheduling reschedule cancels old timer                                                                                       00:03 +29: /app/test/functional/scheduler_service_test.dart: Timer-based Scheduling reschedule cancels old timer                                                                                       00:03 +30: /app/test/functional/scheduler_service_test.dart: Timer-based Scheduling reschedule cancels old timer                                                                                       00:03 +31: /app/test/functional/scheduler_service_test.dart: Timer-based Scheduling reschedule cancels old timer                                                                                       00:03 +32: /app/test/functional/scheduler_service_test.dart: Timer-based Scheduling reschedule cancels old timer                                                                                       00:03 +33: /app/test/functional/ipc_server_test.dart: IPC Server - Lifecycle Server can start and stop multiple times                                                                                  00:03 +34: /app/test/functional/ipc_server_test.dart: IPC Server - Lifecycle Server can start and stop multiple times                                                                                  00:03 +34: /app/test/functional/scheduler_service_test.dart: Timer-based Scheduling cancel removes scheduled plugin                                                                                    00:03 +35: /app/test/functional/scheduler_service_test.dart: Timer-based Scheduling cancel removes scheduled plugin                                                                                    00:03 +36: /app/test/functional/scheduler_service_test.dart: Timer-based Scheduling cancel removes scheduled plugin                                                                                    00:03 +37: /app/test/functional/scheduler_service_test.dart: Timer-based Scheduling cancel removes scheduled plugin                                                                                    00:03 +38: /app/test/functional/scheduler_service_test.dart: Timer-based Scheduling cancel removes scheduled plugin                                                                                    00:03 +39: /app/test/functional/scheduler_service_test.dart: Timer-based Scheduling cancel removes scheduled plugin                                                                                    00:04 +39: /app/test/functional/scheduler_service_test.dart: Timer-based Scheduling cancel removes scheduled plugin                                                                                    00:04 +39: loading /app/test/functional/cli_commands_test.dart                                                                                                                                         00:04 +39: /app/test/functional/cli_commands_test.dart: CLI Commands - System getCpuUsage returns valid percentage string                                                                              00:04 +40: /app/test/functional/cli_commands_test.dart: CLI Commands - System getCpuUsage returns valid percentage string                                                                              00:04 +40: /app/test/functional/cli_commands_test.dart: CLI Commands - System getMemoryUsage returns formatted memory string                                                                           00:04 +41: /app/test/functional/cli_commands_test.dart: CLI Commands - System getMemoryUsage returns formatted memory string                                                                           00:04 +41: /app/test/functional/cli_commands_test.dart: CLI Commands - System getDiskUsage returns valid disk info                                                                                     00:04 +42: /app/test/functional/cli_commands_test.dart: CLI Commands - System getDiskUsage returns valid disk info                                                                                     00:04 +42: /app/test/functional/cli_commands_test.dart: CLI Commands - System getDiskUsage accepts path parameter                                                                                      00:04 +43: /app/test/functional/cli_commands_test.dart: CLI Commands - System getDiskUsage accepts path parameter                                                                                      00:04 +43: /app/test/functional/cli_commands_test.dart: CLI Commands - System getBatteryStatus returns string                                                                                          00:04 +44: /app/test/functional/cli_commands_test.dart: CLI Commands - System getBatteryStatus returns string                                                                                          00:04 +44: /app/test/functional/cli_commands_test.dart: CLI Commands - System getUptime returns formatted uptime                                                                                       00:04 +45: /app/test/functional/cli_commands_test.dart: CLI Commands - System getUptime returns formatted uptime                                                                                       00:04 +45: /app/test/functional/cli_commands_test.dart: CLI Commands - System getOs returns operating system name                                                                                      00:04 +46: /app/test/functional/cli_commands_test.dart: CLI Commands - System getOs returns operating system name                                                                                      00:04 +46: /app/test/functional/cli_commands_test.dart: CLI Commands - System getOsDetails returns detailed OS info                                                                                    00:04 +47: /app/test/functional/cli_commands_test.dart: CLI Commands - System getOsDetails returns detailed OS info                                                                                    00:04 +47: /app/test/functional/cli_commands_test.dart: CLI Commands - Network getNetStatus returns online or offline                                                                                  00:04 +48: /app/test/functional/cli_commands_test.dart: CLI Commands - Network getNetStatus returns online or offline                                                                                  00:04 +48: /app/test/functional/cli_commands_test.dart: CLI Commands - Network getLocalIp returns valid IP or localhost                                                                                00:04 +49: /app/test/functional/cli_commands_test.dart: CLI Commands - Network getLocalIp returns valid IP or localhost                                                                                00:04 +49: /app/test/functional/cli_commands_test.dart: CLI Commands - Network getWifiSsid returns string                                                                                              00:04 +50: /app/test/functional/cli_commands_test.dart: CLI Commands - Network getWifiSsid returns string                                                                                              00:04 +50: /app/test/functional/cli_commands_test.dart: CLI Commands - Utilities hash command produces correct MD5                                                                                     00:04 +51: /app/test/functional/cli_commands_test.dart: CLI Commands - Utilities hash command produces correct MD5                                                                                     00:04 +51: /app/test/functional/cli_commands_test.dart: CLI Commands - Utilities hash command produces correct SHA256                                                                                  00:04 +52: /app/test/functional/cli_commands_test.dart: CLI Commands - Utilities hash command produces correct SHA256                                                                                  00:04 +52: /app/test/functional/cli_commands_test.dart: CLI Commands - Utilities UUID generation produces valid format                                                                                 00:04 +53: /app/test/functional/cli_commands_test.dart: CLI Commands - Utilities UUID generation produces valid format                                                                                 00:04 +53: /app/test/functional/cli_commands_test.dart: CLI Commands - Utilities random number generation works                                                                                        00:04 +54: /app/test/functional/cli_commands_test.dart: CLI Commands - Utilities random number generation works                                                                                        00:04 +54: /app/test/functional/cli_commands_test.dart: CLI Commands - Utilities date command returns valid date                                                                                       00:04 +55: /app/test/functional/cli_commands_test.dart: CLI Commands - Utilities date command returns valid date                                                                                       00:04 +55: /app/test/functional/cli_commands_test.dart: CLI Commands - Utilities time command returns valid time                                                                                       00:04 +56: /app/test/functional/cli_commands_test.dart: CLI Commands - Utilities time command returns valid time                                                                                       00:04 +56: /app/test/functional/cli_commands_test.dart: CLI Commands - Process Info process list can be retrieved                                                                                      00:04 +57: /app/test/functional/cli_commands_test.dart: CLI Commands - Process Info process list can be retrieved                                                                                      00:04 +57: /app/test/functional/cli_commands_test.dart: CLI Commands - Process Info hostname can be retrieved                                                                                          00:04 +58: /app/test/functional/cli_commands_test.dart: CLI Commands - Process Info hostname can be retrieved                                                                                          00:04 +58: /app/test/functional/cli_commands_test.dart: CLI Commands - Process Info current user can be retrieved                                                                                      00:04 +59: /app/test/functional/cli_commands_test.dart: CLI Commands - Process Info current user can be retrieved                                                                                      00:04 +59: /app/test/functional/cli_commands_test.dart: CLI Commands - File System can read /proc/meminfo on Linux                                                                                     00:04 +60: /app/test/functional/cli_commands_test.dart: CLI Commands - File System can read /proc/meminfo on Linux                                                                                     00:04 +60: /app/test/functional/cli_commands_test.dart: CLI Commands - File System can read /proc/stat on Linux                                                                                        00:04 +61: /app/test/functional/cli_commands_test.dart: CLI Commands - File System can read /proc/stat on Linux                                                                                        00:04 +61: /app/test/functional/cli_commands_test.dart: CLI Commands - File System temp directory is accessible                                                                                        00:04 +62: /app/test/functional/cli_commands_test.dart: CLI Commands - File System temp directory is accessible                                                                                        00:04 +62: loading /app/test/functional/marketplace_service_test.dart                                                                                                                                  00:04 +62: /app/test/functional/marketplace_service_test.dart: MarketplacePlugin creates plugin with all required fields                                                                               00:04 +63: /app/test/functional/marketplace_service_test.dart: MarketplacePlugin creates plugin with all required fields                                                                               00:04 +63: /app/test/functional/marketplace_service_test.dart: MarketplacePlugin creates plugin with optional fields                                                                                   00:04 +64: /app/test/functional/marketplace_service_test.dart: MarketplacePlugin creates plugin with optional fields                                                                                   00:04 +64: /app/test/functional/marketplace_service_test.dart: MarketplacePlugin fromJson creates plugin with all fields                                                                               00:04 +65: /app/test/functional/marketplace_service_test.dart: MarketplacePlugin fromJson creates plugin with all fields                                                                               00:04 +65: /app/test/functional/marketplace_service_test.dart: MarketplacePlugin fromJson provides defaults for missing fields                                                                         00:04 +66: /app/test/functional/marketplace_service_test.dart: MarketplacePlugin fromJson provides defaults for missing fields                                                                         00:04 +66: /app/test/functional/marketplace_service_test.dart: MarketplacePlugin fromJson handles download_url fallback                                                                                00:04 +67: /app/test/functional/marketplace_service_test.dart: MarketplacePlugin fromJson handles download_url fallback                                                                                00:04 +67: /app/test/functional/marketplace_service_test.dart: MarketplacePlugin fromJson prefers downloadUrl over download_url                                                                        00:04 +68: /app/test/functional/marketplace_service_test.dart: MarketplacePlugin fromJson prefers downloadUrl over download_url                                                                        00:04 +68: /app/test/functional/marketplace_service_test.dart: MarketplacePlugin fromJson handles missing tags gracefully                                                                              00:04 +69: /app/test/functional/marketplace_service_test.dart: MarketplacePlugin fromJson handles missing tags gracefully                                                                              00:04 +69: /app/test/functional/marketplace_service_test.dart: MarketplacePlugin fromJson converts tags from dynamic list                                                                              00:04 +70: /app/test/functional/marketplace_service_test.dart: MarketplacePlugin fromJson converts tags from dynamic list                                                                              00:04 +70: /app/test/functional/marketplace_service_test.dart: MarketplacePlugin toJson creates complete JSON structure                                                                                00:04 +71: /app/test/functional/marketplace_service_test.dart: MarketplacePlugin toJson creates complete JSON structure                                                                                00:04 +71: /app/test/functional/marketplace_service_test.dart: MarketplacePlugin toJson/fromJson roundtrip preserves data                                                                              00:04 +72: /app/test/functional/marketplace_service_test.dart: MarketplacePlugin toJson/fromJson roundtrip preserves data                                                                              00:04 +72: /app/test/functional/marketplace_service_test.dart: PluginCategory has all expected categories                                                                                              00:04 +73: /app/test/functional/marketplace_service_test.dart: PluginCategory has all expected categories                                                                                              00:04 +73: /app/test/functional/marketplace_service_test.dart: PluginCategory all list contains all categories                                                                                         00:04 +74: /app/test/functional/marketplace_service_test.dart: PluginCategory all list contains all categories                                                                                         00:04 +74: /app/test/functional/marketplace_service_test.dart: PluginCategory all list has no duplicates                                                                                               00:04 +75: /app/test/functional/marketplace_service_test.dart: PluginCategory all list has no duplicates                                                                                               00:05 +75: /app/test/functional/marketplace_service_test.dart: PluginCategory all list has no duplicates                                                                                               00:05 +75: loading /app/test/functional/cli_handler_test.dart                                                                                                                                          00:05 +75: /app/test/functional/cli_handler_test.dart: CLI Handler - Version & Help --version returns version string                                                                                   00:05 +76: /app/test/functional/cli_handler_test.dart: CLI Handler - Version & Help --version returns version string                                                                                   00:05 +76: /app/test/functional/cli_handler_test.dart: CLI Handler - Version & Help -v returns version string                                                                                          00:05 +77: /app/test/functional/cli_handler_test.dart: CLI Handler - Version & Help -v returns version string                                                                                          00:05 +77: /app/test/functional/cli_handler_test.dart: CLI Handler - Version & Help --help returns usage information                                                                                   00:05 +78: /app/test/functional/cli_handler_test.dart: CLI Handler - Version & Help --help returns usage information                                                                                   00:05 +78: /app/test/functional/cli_handler_test.dart: CLI Handler - Version & Help empty args prints usage and returns error                                                                          00:05 +79: /app/test/functional/cli_handler_test.dart: CLI Handler - Version & Help empty args prints usage and returns error                                                                          00:05 +79: /app/test/functional/cli_handler_test.dart: CLI Handler - System Info cpu returns CPU percentage                                                                                            00:05 +80: /app/test/functional/cli_handler_test.dart: CLI Handler - System Info cpu returns CPU percentage                                                                                            00:05 +80: /app/test/functional/cli_handler_test.dart: CLI Handler - System Info --cpu returns CPU percentage (legacy)                                                                                 00:05 +81: /app/test/functional/cli_handler_test.dart: CLI Handler - System Info --cpu returns CPU percentage (legacy)                                                                                 00:05 +81: /app/test/functional/cli_handler_test.dart: CLI Handler - System Info cpu --json returns JSON format                                                                                        00:06 +81: /app/test/functional/cli_handler_test.dart: CLI Handler - System Info cpu --json returns JSON format                                                                                        00:06 +82: /app/test/functional/logger_service_test.dart: Logger Service - Initialization init creates log directory                                                                                   00:06 +83: /app/test/functional/logger_service_test.dart: Logger Service - Initialization init creates log directory                                                                                   00:06 +84: /app/test/functional/logger_service_test.dart: Logger Service - Initialization init creates log directory                                                                                   00:06 +85: /app/test/functional/cli_handler_test.dart: CLI Handler - System Info uptime returns uptime                                                                                                 00:06 +86: /app/test/functional/logger_service_test.dart: Logger Service - Initialization init creates log file                                                                                        00:06 +87: /app/test/functional/cli_handler_test.dart: CLI Handler - System Info disk returns disk usage                                                                                               00:06 +88: /app/test/functional/cli_handler_test.dart: CLI Handler - System Info disk returns disk usage                                                                                               00:06 +89: /app/test/functional/cli_handler_test.dart: CLI Handler - System Info disk returns disk usage                                                                                               00:06 +90: /app/test/functional/cli_handler_test.dart: CLI Handler - System Info disk returns disk usage                                                                                               00:06 +91: /app/test/functional/logger_service_test.dart: Logger Service - Log Levels warning logs at warning level                                                                                    00:06 +92: /app/test/functional/cli_handler_test.dart: CLI Handler - System Info os returns operating system                                                                                           00:06 +93: /app/test/functional/logger_service_test.dart: Logger Service - Log Levels error logs at error level                                                                                        00:06 +94: /app/test/functional/cli_handler_test.dart: CLI Handler - System Info kernel returns kernel info                                                                                            00:06 +95: /app/test/functional/cli_handler_test.dart: CLI Handler - System Info kernel returns kernel info                                                                                            00:06 +96: /app/test/functional/logger_service_test.dart: Logger Service - Error Handling logs error with exception                                                                                    00:06 +97: /app/test/functional/cli_handler_test.dart: CLI Handler - System Info arch returns architecture                                                                                             00:06 +98: /app/test/functional/logger_service_test.dart: Logger Service - Error Handling logs error with stack trace                                                                                  00:06 +99: /app/test/functional/logger_service_test.dart: Logger Service - Error Handling logs error with stack trace                                                                                  00:06 +99: /app/test/functional/cli_handler_test.dart: CLI Handler - System Info hostname returns hostname                                                                                             00:06 +100: /app/test/functional/logger_service_test.dart: Logger Service - Log Format log entries have timestamp                                                                                      00:06 +101: /app/test/functional/logger_service_test.dart: Logger Service - Log Format log entries have timestamp                                                                                      00:06 +102: /app/test/functional/cli_handler_test.dart: CLI Handler - Audio audio volume returns value                                                                                                 00:06 +103: /app/test/functional/cli_handler_test.dart: CLI Handler - Audio audio volume returns value                                                                                                 00:06 +104: /app/test/functional/logger_service_test.dart: Logger Service - Log Rotation rotates log when size exceeds limit                                                                           00:06 +105: /app/test/functional/cli_handler_test.dart: CLI Handler - Audio audio mute toggles                                                                                                         Shell: Failed to toggle mute
00:06 +106: /app/test/functional/logger_service_test.dart: Logger Service - Recent Logs getRecentLogs returns recent entries                                                                           00:06 +107: /app/test/functional/logger_service_test.dart: Logger Service - Recent Logs getRecentLogs returns recent entries                                                                           00:06 +107: /app/test/functional/cli_handler_test.dart: CLI Handler - Audio audio output --list lists devices                                                                                          00:06 +108: /app/test/functional/cli_handler_test.dart: CLI Handler - Audio audio output --list lists devices                                                                                          00:06 +109: /app/test/functional/logger_service_test.dart: Logger Service - Recent Logs getRecentLogs returns empty for uninitialized logger                                                           00:06 +110: /app/test/functional/cli_handler_test.dart: CLI Handler - Media media playing                                                                                                              00:06 +111: /app/test/functional/logger_service_test.dart: Logger Service - Search Logs searchLogs finds matching entries                                                                              00:06 +112: /app/test/functional/cli_handler_test.dart: CLI Handler - Media media play (safe to call)                                                                                                  00:06 +113: /app/test/functional/cli_handler_test.dart: CLI Handler - Media media play (safe to call)                                                                                                  00:06 +114: /app/test/functional/cli_handler_test.dart: CLI Handler - Media media play (safe to call)                                                                                                  00:06 +114: /app/test/functional/cli_handler_test.dart: CLI Handler - Screen screen brightness                                                                                                         00:06 +115: /app/test/functional/cli_handler_test.dart: CLI Handler - Screen screen brightness                                                                                                         00:06 +116: /app/test/functional/logger_service_test.dart: Logger Service - Clear Logs clearLogs removes all log files                                                                                 00:06 +117: /app/test/functional/cli_handler_test.dart: CLI Handler - Screen screen size                                                                                                               00:06 +118: /app/test/functional/logger_service_test.dart: Logger Service - Stats getLogStats returns valid statistics                                                                                 00:06 +119: /app/test/functional/cli_handler_test.dart: CLI Handler - Power power restart requires confirm                                                                                             Shell: Error: restart requires --confirm flag for safety
00:06 +120: /app/test/functional/cli_handler_test.dart: CLI Handler - Power power restart requires confirm                                                                                             00:06 +121: /app/test/functional/cli_handler_test.dart: CLI Handler - Power power restart requires confirm                                                                                             00:06 +121 -1: loading /app/test/functional/plugin_execution_test.dart                                                                                                                                 00:06 +121 -1: /app/test/functional/cli_handler_test.dart: CLI Handler - Power power restart requires confirm [E]
  Expected: contains 'confirm'
    Actual: ''
     Which: does not contain 'confirm'

  package:matcher                                     expect
  package:flutter_test/src/widget_tester.dart 473:18  expect
  test/functional/cli_handler_test.dart 164:7         main.<fn>.<fn>


To run this test again: /home/jules/flutter/bin/cache/dart-sdk/bin/dart test /app/test/functional/cli_handler_test.dart -p vm --plain-name 'CLI Handler - Power power restart requires confirm'
00:06 +121 -1: /app/test/functional/cli_handler_test.dart: CLI Handler - Power power shutdown requires confirm                                                                                         Shell: Error: shutdown requires --confirm flag for safety
00:06 +121 -2: /app/test/functional/cli_handler_test.dart: CLI Handler - Power power shutdown requires confirm [E]
  Expected: contains 'confirm'
    Actual: ''
     Which: does not contain 'confirm'

  package:matcher                                     expect
  package:flutter_test/src/widget_tester.dart 473:18  expect
  test/functional/cli_handler_test.dart 170:7         main.<fn>.<fn>


To run this test again: /home/jules/flutter/bin/cache/dart-sdk/bin/dart test /app/test/functional/cli_handler_test.dart -p vm --plain-name 'CLI Handler - Power power shutdown requires confirm'
00:06 +121 -2: /app/test/functional/cli_handler_test.dart: CLI Handler - Wallpaper & DND wallpaper get                                                                                                 00:06 +122 -2: /app/test/functional/cli_handler_test.dart: CLI Handler - Wallpaper & DND wallpaper get                                                                                                 00:06 +122 -2: /app/test/functional/cli_handler_test.dart: CLI Handler - Wallpaper & DND dnd status                                                                                                    00:06 +123 -2: /app/test/functional/cli_handler_test.dart: CLI Handler - Wallpaper & DND dnd status                                                                                                    00:06 +123 -2: /app/test/functional/cli_handler_test.dart: CLI Handler - Network & Wifi net status returns online/offline                                                                              00:06 +124 -2: /app/test/functional/cli_handler_test.dart: CLI Handler - Network & Wifi net status returns online/offline                                                                              00:06 +124 -2: /app/test/functional/cli_handler_test.dart: CLI Handler - Network & Wifi net ip                                                                                                         00:06 +125 -2: /app/test/functional/cli_handler_test.dart: CLI Handler - Network & Wifi net ip                                                                                                         00:06 +125 -2: /app/test/functional/cli_handler_test.dart: CLI Handler - Network & Wifi net ping                                                                                                       00:06 +126 -2: /app/test/functional/cli_handler_test.dart: CLI Handler - Network & Wifi net ping                                                                                                       00:06 +126 -2: /app/test/functional/cli_handler_test.dart: CLI Handler - Network & Wifi wifi ssid returns SSID                                                                                         00:06 +127 -2: /app/test/functional/cli_handler_test.dart: CLI Handler - Network & Wifi wifi ssid returns SSID                                                                                         00:06 +127 -2: /app/test/functional/cli_handler_test.dart: CLI Handler - Network & Wifi wifi status                                                                                                    00:06 +128 -2: /app/test/functional/cli_handler_test.dart: CLI Handler - Network & Wifi wifi status                                                                                                    00:06 +128 -2: /app/test/functional/cli_handler_test.dart: CLI Handler - Network & Wifi bluetooth status                                                                                               00:06 +129 -2: /app/test/functional/cli_handler_test.dart: CLI Handler - Network & Wifi bluetooth status                                                                                               00:06 +129 -2: /app/test/functional/cli_handler_test.dart: CLI Handler - Network & Wifi vpn status                                                                                                     00:06 +130 -2: /app/test/functional/cli_handler_test.dart: CLI Handler - Network & Wifi vpn status                                                                                                     00:06 +130 -2: /app/test/functional/cli_handler_test.dart: CLI Handler - Utilities hash computes SHA256                                                                                                00:06 +131 -2: /app/test/functional/cli_handler_test.dart: CLI Handler - Utilities hash computes SHA256                                                                                                00:06 +131 -2: /app/test/functional/cli_handler_test.dart: CLI Handler - Utilities uuid generates UUID                                                                                                 00:06 +132 -2: /app/test/functional/cli_handler_test.dart: CLI Handler - Utilities uuid generates UUID                                                                                                 00:06 +132 -2: /app/test/functional/cli_handler_test.dart: CLI Handler - Utilities random                                                                                                              00:06 +133 -2: /app/test/functional/cli_handler_test.dart: CLI Handler - Utilities random                                                                                                              00:06 +133 -2: /app/test/functional/cli_handler_test.dart: CLI Handler - Utilities base64 encode                                                                                                       00:06 +134 -2: /app/test/functional/cli_handler_test.dart: CLI Handler - Utilities base64 encode                                                                                                       00:06 +134 -2: /app/test/functional/cli_handler_test.dart: CLI Handler - Utilities time                                                                                                                00:06 +135 -2: /app/test/functional/cli_handler_test.dart: CLI Handler - Utilities time                                                                                                                00:06 +135 -2: /app/test/functional/cli_handler_test.dart: CLI Handler - Utilities date                                                                                                                00:06 +136 -2: /app/test/functional/cli_handler_test.dart: CLI Handler - Utilities date                                                                                                                00:06 +136 -2: /app/test/functional/cli_handler_test.dart: CLI Handler - Utilities clipboard (get)                                                                                                     Shell: Error executing clipboard: ProcessException: No such file or directory
Shell:   Command: xclip -selection clipboard -o
00:06 +137 -2: /app/test/functional/cli_handler_test.dart: CLI Handler - Utilities clipboard (get)                                                                                                     00:06 +137 -2: /app/test/functional/cli_handler_test.dart: CLI Handler - Files file exists returns boolean                                                                                             00:06 +138 -2: /app/test/functional/cli_handler_test.dart: CLI Handler - Files file exists returns boolean                                                                                             00:06 +138 -2: /app/test/functional/cli_handler_test.dart: CLI Handler - Files dir list                                                                                                                00:06 +139 -2: /app/test/functional/cli_handler_test.dart: CLI Handler - Files dir list                                                                                                                00:06 +139 -2: /app/test/functional/cli_handler_test.dart: CLI Handler - Plugin Init init requires --lang                                                                                              Shell: Error: --lang is required
Shell: Usage: crossbar init --lang <bash|python|node|dart|go|rust> --type <clock|monitor|status|api|custom> [--name <name>]
Shell:
Shell: Supported languages: bash, python, node, dart, go, rust
Shell: Supported types: clock, monitor, status, api, custom
00:06 +140 -2: /app/test/functional/cli_handler_test.dart: CLI Handler - Plugin Init init requires --lang                                                                                              00:07 +140 -2: /app/test/functional/cli_handler_test.dart: CLI Handler - Plugin Init init requires --lang                                                                                              00:07 +140 -2: loading /app/test/functional/plugin_execution_test.dart                                                                                                                                 00:07 +140 -2: /app/test/functional/plugin_execution_test.dart: (setUpAll)                                                                                                                             00:07 +140 -2: /app/test/functional/plugin_execution_test.dart: Plugin Execution Bash plugins executes simple bash plugin and returns BitBar output                                                    00:07 +141 -2: /app/test/functional/plugin_execution_test.dart: Plugin Execution Bash plugins executes simple bash plugin and returns BitBar output                                                    00:07 +141 -2: /app/test/functional/plugin_execution_test.dart: Plugin Execution Bash plugins executes bash plugin with JSON output                                                                    00:07 +142 -2: /app/test/functional/plugin_execution_test.dart: Plugin Execution Bash plugins executes bash plugin with JSON output                                                                    00:07 +142 -2: /app/test/functional/plugin_execution_test.dart: Plugin Execution Bash plugins injects environment variables into bash plugin                                                           00:07 +143 -2: /app/test/functional/plugin_execution_test.dart: Plugin Execution Bash plugins injects environment variables into bash plugin                                                           00:07 +143 -2: /app/test/functional/plugin_execution_test.dart: Plugin Execution Python plugins executes simple python plugin                                                                          00:07 +144 -2: /app/test/functional/plugin_execution_test.dart: Plugin Execution Python plugins executes simple python plugin                                                                          00:07 +145 -2: /app/test/functional/plugin_execution_test.dart: Plugin Execution Python plugins executes simple python plugin                                                                          00:07 +146 -2: /app/test/functional/plugin_execution_test.dart: Plugin Execution Python plugins executes simple python plugin                                                                          00:07 +147 -2: /app/test/functional/plugin_execution_test.dart: Plugin Execution Python plugins executes simple python plugin                                                                          00:07 +148 -2: /app/test/functional/notification_service_test.dart: PluginNotificationConfig toJson creates correct JSON structure                                                                     00:07 +149 -2: /app/test/functional/plugin_execution_test.dart: Plugin Execution Node.js plugins executes simple node plugin                                                                           00:07 +150 -2: /app/test/functional/plugin_execution_test.dart: Plugin Execution Node.js plugins executes simple node plugin                                                                           00:07 +151 -2: /app/test/functional/plugin_execution_test.dart: Plugin Execution Node.js plugins executes simple node plugin                                                                           00:07 +152 -2: /app/test/functional/plugin_execution_test.dart: Plugin Execution Node.js plugins executes simple node plugin                                                                           00:07 +153 -2: /app/test/functional/plugin_execution_test.dart: Plugin Execution Node.js plugins executes simple node plugin                                                                           00:07 +154 -2: /app/test/functional/plugin_execution_test.dart: Plugin Execution Node.js plugins executes simple node plugin                                                                           00:07 +155 -2: /app/test/functional/plugin_execution_test.dart: Plugin Execution Node.js plugins executes simple node plugin                                                                           00:07 +156 -2: /app/test/functional/plugin_execution_test.dart: Plugin Execution Node.js plugins executes simple node plugin                                                                           00:07 +157 -2: /app/test/functional/plugin_execution_test.dart: Plugin Execution Node.js plugins executes simple node plugin                                                                           00:07 +157 -2: /app/test/functional/plugin_execution_test.dart: Plugin Execution Timeout handling handles plugin timeout gracefully                                                                    00:08 +157 -2: /app/test/functional/plugin_execution_test.dart: Plugin Execution Timeout handling handles plugin timeout gracefully                                                                    00:08 +158 -2: /app/test/functional/plugin_execution_test.dart: Plugin Execution Timeout handling handles plugin timeout gracefully                                                                    00:08 +159 -2: /app/test/functional/plugin_execution_test.dart: Plugin Execution Timeout handling handles plugin timeout gracefully                                                                    00:08 +160 -2: /app/test/functional/plugin_execution_test.dart: Plugin Execution Timeout handling handles plugin timeout gracefully                                                                    00:08 +161 -2: /app/test/functional/plugin_execution_test.dart: Plugin Execution Timeout handling handles plugin timeout gracefully                                                                    00:08 +162 -2: /app/test/functional/plugin_execution_test.dart: Plugin Execution Timeout handling handles plugin timeout gracefully                                                                    00:08 +163 -2: /app/test/functional/plugin_execution_test.dart: Plugin Execution Timeout handling handles plugin timeout gracefully                                                                    00:08 +164 -2: /app/test/functional/plugin_execution_test.dart: Plugin Execution Timeout handling handles plugin timeout gracefully                                                                    00:08 +165 -2: /app/test/functional/plugin_execution_test.dart: Plugin Execution Timeout handling handles plugin timeout gracefully                                                                    00:08 +166 -2: /app/test/functional/plugin_execution_test.dart: Plugin Execution Timeout handling handles plugin timeout gracefully                                                                    00:08 +167 -2: /app/test/functional/plugin_execution_test.dart: Plugin Execution Timeout handling handles plugin timeout gracefully                                                                    00:08 +168 -2: /app/test/functional/plugin_execution_test.dart: Plugin Execution Timeout handling handles plugin timeout gracefully                                                                    00:08 +169 -2: /app/test/functional/plugin_execution_test.dart: Plugin Execution Timeout handling handles plugin timeout gracefully                                                                    00:09 +169 -2: /app/test/functional/plugin_execution_test.dart: Plugin Execution Timeout handling handles plugin timeout gracefully                                                                    00:09 +170 -2: /app/test/functional/plugin_execution_test.dart: Plugin Execution Timeout handling handles plugin timeout gracefully                                                                    00:09 +170 -2: /app/test/functional/plugin_execution_test.dart: Plugin Execution Error handling handles non-existent plugin gracefully                                                                 00:09 +171 -2: /app/test/functional/plugin_execution_test.dart: Plugin Execution Error handling handles non-existent plugin gracefully                                                                 00:09 +171 -2: /app/test/functional/plugin_execution_test.dart: Plugin Execution Error handling handles invalid interpreter gracefully                                                                 00:09 +172 -2: /app/test/functional/plugin_execution_test.dart: Plugin Execution Error handling handles invalid interpreter gracefully                                                                 00:09 +172 -2: /app/test/functional/plugin_execution_test.dart: Output Parser correctly identifies JSON output                                                                                         00:09 +173 -2: /app/test/functional/plugin_execution_test.dart: Output Parser correctly identifies JSON output                                                                                         00:09 +173 -2: /app/test/functional/plugin_execution_test.dart: Output Parser correctly identifies non-JSON output                                                                                     00:09 +174 -2: /app/test/functional/plugin_execution_test.dart: Output Parser correctly identifies non-JSON output                                                                                     00:09 +174 -2: /app/test/functional/plugin_execution_test.dart: Output Parser parses BitBar text format correctly                                                                                      00:09 +175 -2: /app/test/functional/plugin_execution_test.dart: Output Parser parses BitBar text format correctly                                                                                      00:09 +175 -2: /app/test/functional/plugin_execution_test.dart: Output Parser parses JSON format correctly                                                                                             00:09 +176 -2: /app/test/functional/plugin_execution_test.dart: Output Parser parses JSON format correctly                                                                                             00:09 +176 -2: /app/test/functional/plugin_execution_test.dart: (tearDownAll)                                                                                                                          00:09 +176 -2: Some tests failed.
